Analysis & Synthesis report for fsm_moore
Tue Oct 22 23:23:25 2024
Quartus Prime Version 21.1.0 Build 842 10/21/2021 SJ Lite Edition


---------------------
; Table of Contents ;
---------------------
  1. Legal Notice
  2. Analysis & Synthesis Summary
  3. Analysis & Synthesis Settings
  4. Parallel Compilation
  5. Analysis & Synthesis Source Files Read
  6. Analysis & Synthesis Resource Usage Summary
  7. Analysis & Synthesis Resource Utilization by Entity
  8. State Machine - |fsm_moore|controller:fsm_controller_inst|state
  9. General Register Statistics
 10. Multiplexer Restructuring Statistics (Restructuring Performed)
 11. Port Connectivity Checks: "segment_controller:afficheur_reste"
 12. Post-Synthesis Netlist Statistics for Top Partition
 13. Elapsed Time Per Partition
 14. Analysis & Synthesis Messages



----------------
; Legal Notice ;
----------------
Copyright (C) 2021  Intel Corporation. All rights reserved.
Your use of Intel Corporation's design tools, logic functions 
and other software and tools, and any partner logic 
functions, and any output files from any of the foregoing 
(including device programming or simulation files), and any 
associated documentation or information are expressly subject 
to the terms and conditions of the Intel Program License 
Subscription Agreement, the Intel Quartus Prime License Agreement,
the Intel FPGA IP License Agreement, or other applicable license
agreement, including, without limitation, that your use is for
the sole purpose of programming logic devices manufactured by
Intel and sold by Intel or its authorized distributors.  Please
refer to the applicable agreement for further details, at
https://fpgasoftware.intel.com/eula.



+----------------------------------------------------------------------------------+
; Analysis & Synthesis Summary                                                     ;
+------------------------------------+---------------------------------------------+
; Analysis & Synthesis Status        ; Successful - Tue Oct 22 23:23:25 2024       ;
; Quartus Prime Version              ; 21.1.0 Build 842 10/21/2021 SJ Lite Edition ;
; Revision Name                      ; fsm_moore                                   ;
; Top-level Entity Name              ; fsm_moore                                   ;
; Family                             ; MAX 10                                      ;
; Total logic elements               ; 34                                          ;
;     Total combinational functions  ; 34                                          ;
;     Dedicated logic registers      ; 10                                          ;
; Total registers                    ; 10                                          ;
; Total pins                         ; 34                                          ;
; Total virtual pins                 ; 0                                           ;
; Total memory bits                  ; 0                                           ;
; Embedded Multiplier 9-bit elements ; 0                                           ;
; Total PLLs                         ; 0                                           ;
; UFM blocks                         ; 0                                           ;
; ADC blocks                         ; 0                                           ;
+------------------------------------+---------------------------------------------+


+------------------------------------------------------------------------------------------------------------+
; Analysis & Synthesis Settings                                                                              ;
+------------------------------------------------------------------+--------------------+--------------------+
; Option                                                           ; Setting            ; Default Value      ;
+------------------------------------------------------------------+--------------------+--------------------+
; Device                                                           ; 10M50DAF484C7G     ;                    ;
; Top-level entity name                                            ; fsm_moore          ; fsm_moore          ;
; Family name                                                      ; MAX 10             ; Cyclone V          ;
; Use smart compilation                                            ; Off                ; Off                ;
; Enable parallel Assembler and Timing Analyzer during compilation ; On                 ; On                 ;
; Enable compact report table                                      ; Off                ; Off                ;
; Restructure Multiplexers                                         ; Auto               ; Auto               ;
; Create Debugging Nodes for IP Cores                              ; Off                ; Off                ;
; Preserve fewer node names                                        ; On                 ; On                 ;
; Intel FPGA IP Evaluation Mode                                    ; Enable             ; Enable             ;
; Verilog Version                                                  ; Verilog_2001       ; Verilog_2001       ;
; VHDL Version                                                     ; VHDL_1993          ; VHDL_1993          ;
; State Machine Processing                                         ; Auto               ; Auto               ;
; Safe State Machine                                               ; Off                ; Off                ;
; Extract Verilog State Machines                                   ; On                 ; On                 ;
; Extract VHDL State Machines                                      ; On                 ; On                 ;
; Ignore Verilog initial constructs                                ; Off                ; Off                ;
; Iteration limit for constant Verilog loops                       ; 5000               ; 5000               ;
; Iteration limit for non-constant Verilog loops                   ; 250                ; 250                ;
; Add Pass-Through Logic to Inferred RAMs                          ; On                 ; On                 ;
; Infer RAMs from Raw Logic                                        ; On                 ; On                 ;
; Parallel Synthesis                                               ; On                 ; On                 ;
; DSP Block Balancing                                              ; Auto               ; Auto               ;
; NOT Gate Push-Back                                               ; On                 ; On                 ;
; Power-Up Don't Care                                              ; On                 ; On                 ;
; Remove Redundant Logic Cells                                     ; Off                ; Off                ;
; Remove Duplicate Registers                                       ; On                 ; On                 ;
; Ignore CARRY Buffers                                             ; Off                ; Off                ;
; Ignore CASCADE Buffers                                           ; Off                ; Off                ;
; Ignore GLOBAL Buffers                                            ; Off                ; Off                ;
; Ignore ROW GLOBAL Buffers                                        ; Off                ; Off                ;
; Ignore LCELL Buffers                                             ; Off                ; Off                ;
; Ignore SOFT Buffers                                              ; On                 ; On                 ;
; Limit AHDL Integers to 32 Bits                                   ; Off                ; Off                ;
; Optimization Technique                                           ; Balanced           ; Balanced           ;
; Carry Chain Length                                               ; 70                 ; 70                 ;
; Auto Carry Chains                                                ; On                 ; On                 ;
; Auto Open-Drain Pins                                             ; On                 ; On                 ;
; Perform WYSIWYG Primitive Resynthesis                            ; Off                ; Off                ;
; Auto ROM Replacement                                             ; On                 ; On                 ;
; Auto RAM Replacement                                             ; On                 ; On                 ;
; Auto DSP Block Replacement                                       ; On                 ; On                 ;
; Auto Shift Register Replacement                                  ; Auto               ; Auto               ;
; Allow Shift Register Merging across Hierarchies                  ; Auto               ; Auto               ;
; Auto Clock Enable Replacement                                    ; On                 ; On                 ;
; Strict RAM Replacement                                           ; Off                ; Off                ;
; Allow Synchronous Control Signals                                ; On                 ; On                 ;
; Force Use of Synchronous Clear Signals                           ; Off                ; Off                ;
; Auto RAM Block Balancing                                         ; On                 ; On                 ;
; Auto RAM to Logic Cell Conversion                                ; Off                ; Off                ;
; Auto Resource Sharing                                            ; Off                ; Off                ;
; Allow Any RAM Size For Recognition                               ; Off                ; Off                ;
; Allow Any ROM Size For Recognition                               ; Off                ; Off                ;
; Allow Any Shift Register Size For Recognition                    ; Off                ; Off                ;
; Use LogicLock Constraints during Resource Balancing              ; On                 ; On                 ;
; Ignore translate_off and synthesis_off directives                ; Off                ; Off                ;
; Timing-Driven Synthesis                                          ; On                 ; On                 ;
; Report Parameter Settings                                        ; On                 ; On                 ;
; Report Source Assignments                                        ; On                 ; On                 ;
; Report Connectivity Checks                                       ; On                 ; On                 ;
; Ignore Maximum Fan-Out Assignments                               ; Off                ; Off                ;
; Synchronization Register Chain Length                            ; 2                  ; 2                  ;
; Power Optimization During Synthesis                              ; Normal compilation ; Normal compilation ;
; HDL message level                                                ; Level2             ; Level2             ;
; Suppress Register Optimization Related Messages                  ; Off                ; Off                ;
; Number of Removed Registers Reported in Synthesis Report         ; 5000               ; 5000               ;
; Number of Swept Nodes Reported in Synthesis Report               ; 5000               ; 5000               ;
; Number of Inverted Registers Reported in Synthesis Report        ; 100                ; 100                ;
; Clock MUX Protection                                             ; On                 ; On                 ;
; Auto Gated Clock Conversion                                      ; Off                ; Off                ;
; Block Design Naming                                              ; Auto               ; Auto               ;
; SDC constraint protection                                        ; Off                ; Off                ;
; Synthesis Effort                                                 ; Auto               ; Auto               ;
; Shift Register Replacement - Allow Asynchronous Clear Signal     ; On                 ; On                 ;
; Pre-Mapping Resynthesis Optimization                             ; Off                ; Off                ;
; Analysis & Synthesis Message Level                               ; Medium             ; Medium             ;
; Disable Register Merging Across Hierarchies                      ; Auto               ; Auto               ;
; Resource Aware Inference For Block RAM                           ; On                 ; On                 ;
+------------------------------------------------------------------+--------------------+--------------------+


+------------------------------------------+
; Parallel Compilation                     ;
+----------------------------+-------------+
; Processors                 ; Number      ;
+----------------------------+-------------+
; Number detected on machine ; 12          ;
; Maximum allowed            ; 10          ;
;                            ;             ;
; Average used               ; 1.00        ;
; Maximum used               ; 10          ;
;                            ;             ;
; Usage by Processor         ; % Time Used ;
;     Processor 1            ; 100.0%      ;
;     Processors 2-10        ;   0.0%      ;
+----------------------------+-------------+


+------------------------------------------------------------------------------------------------------------------------------------+
; Analysis & Synthesis Source Files Read                                                                                             ;
+----------------------------------+-----------------+-----------------+---------------------------------------------------+---------+
; File Name with User-Entered Path ; Used in Netlist ; File Type       ; File Name with Absolute Path                      ; Library ;
+----------------------------------+-----------------+-----------------+---------------------------------------------------+---------+
; fsm_moore.vhd                    ; yes             ; User VHDL File  ; C:/DE_10Projects/fsm_moore/fsm_moore.vhd          ;         ;
; segment_controller.vhd           ; yes             ; User VHDL File  ; C:/DE_10Projects/fsm_moore/segment_controller.vhd ;         ;
; controller.vhd                   ; yes             ; User VHDL File  ; C:/DE_10Projects/fsm_moore/controller.vhd         ;         ;
+----------------------------------+-----------------+-----------------+---------------------------------------------------+---------+


+--------------------------------------------------------+
; Analysis & Synthesis Resource Usage Summary            ;
+---------------------------------------------+----------+
; Resource                                    ; Usage    ;
+---------------------------------------------+----------+
; Estimated Total logic elements              ; 34       ;
;                                             ;          ;
; Total combinational functions               ; 34       ;
; Logic element usage by number of LUT inputs ;          ;
;     -- 4 input functions                    ; 18       ;
;     -- 3 input functions                    ; 13       ;
;     -- <=2 input functions                  ; 3        ;
;                                             ;          ;
; Logic elements by mode                      ;          ;
;     -- normal mode                          ; 34       ;
;     -- arithmetic mode                      ; 0        ;
;                                             ;          ;
; Total registers                             ; 10       ;
;     -- Dedicated logic registers            ; 10       ;
;     -- I/O registers                        ; 0        ;
;                                             ;          ;
; I/O pins                                    ; 34       ;
;                                             ;          ;
; Embedded Multiplier 9-bit elements          ; 0        ;
;                                             ;          ;
; Maximum fan-out node                        ; m5~input ;
; Maximum fan-out                             ; 11       ;
; Total fan-out                               ; 200      ;
; Average fan-out                             ; 1.79     ;
+---------------------------------------------+----------+


+----------------------------------------------------------------------------------------------------------------------------------------------------------------------------------------------------------------------------------------------------------------------------------+
; Analysis & Synthesis Resource Utilization by Entity                                                                                                                                                                                                                              ;
+-----------------------------------------+---------------------+---------------------------+-------------+------------+--------------+---------+-----------+------+--------------+------------+-----------------------------------------------+--------------------+--------------+
; Compilation Hierarchy Node              ; Combinational ALUTs ; Dedicated Logic Registers ; Memory Bits ; UFM Blocks ; DSP Elements ; DSP 9x9 ; DSP 18x18 ; Pins ; Virtual Pins ; ADC blocks ; Full Hierarchy Name                           ; Entity Name        ; Library Name ;
+-----------------------------------------+---------------------+---------------------------+-------------+------------+--------------+---------+-----------+------+--------------+------------+-----------------------------------------------+--------------------+--------------+
; |fsm_moore                              ; 34 (0)              ; 10 (0)                    ; 0           ; 0          ; 0            ; 0       ; 0         ; 34   ; 0            ; 0          ; |fsm_moore                                    ; fsm_moore          ; work         ;
;    |controller:fsm_controller_inst|     ; 24 (24)             ; 10 (10)                   ; 0           ; 0          ; 0            ; 0       ; 0         ; 0    ; 0            ; 0          ; |fsm_moore|controller:fsm_controller_inst     ; controller         ; work         ;
;    |segment_controller:afficheur_reste| ; 2 (2)               ; 0 (0)                     ; 0           ; 0          ; 0            ; 0       ; 0         ; 0    ; 0            ; 0          ; |fsm_moore|segment_controller:afficheur_reste ; segment_controller ; work         ;
;    |segment_controller:afficheur_somme| ; 8 (8)               ; 0 (0)                     ; 0           ; 0          ; 0            ; 0       ; 0         ; 0    ; 0            ; 0          ; |fsm_moore|segment_controller:afficheur_somme ; segment_controller ; work         ;
+-----------------------------------------+---------------------+---------------------------+-------------+------------+--------------+---------+-----------+------+--------------+------------+-----------------------------------------------+--------------------+--------------+
Note: For table entries with two numbers listed, the numbers in parentheses indicate the number of resources of the given type used by the specific entity alone. The numbers listed outside of parentheses indicate the total resources of the given type used by the specific entity and all of its sub-entities in the hierarchy.


Encoding Type:  One-Hot
+------------------------------------------------------------------------------------------------------------------------------------------------------------------+
; State Machine - |fsm_moore|controller:fsm_controller_inst|state                                                                                                  ;
+--------------+--------------+--------------+--------------+--------------+--------------+--------------+--------------+--------------+-------------+-------------+
; Name         ; state.etat45 ; state.etat40 ; state.etat35 ; state.etat30 ; state.etat25 ; state.etat20 ; state.etat15 ; state.etat10 ; state.etat5 ; state.etat0 ;
+--------------+--------------+--------------+--------------+--------------+--------------+--------------+--------------+--------------+-------------+-------------+
; state.etat0  ; 0            ; 0            ; 0            ; 0            ; 0            ; 0            ; 0            ; 0            ; 0           ; 0           ;
; state.etat5  ; 0            ; 0            ; 0            ; 0            ; 0            ; 0            ; 0            ; 0            ; 1           ; 1           ;
; state.etat10 ; 0            ; 0            ; 0            ; 0            ; 0            ; 0            ; 0            ; 1            ; 0           ; 1           ;
; state.etat15 ; 0            ; 0            ; 0            ; 0            ; 0            ; 0            ; 1            ; 0            ; 0           ; 1           ;
; state.etat20 ; 0            ; 0            ; 0            ; 0            ; 0            ; 1            ; 0            ; 0            ; 0           ; 1           ;
; state.etat25 ; 0            ; 0            ; 0            ; 0            ; 1            ; 0            ; 0            ; 0            ; 0           ; 1           ;
; state.etat30 ; 0            ; 0            ; 0            ; 1            ; 0            ; 0            ; 0            ; 0            ; 0           ; 1           ;
; state.etat35 ; 0            ; 0            ; 1            ; 0            ; 0            ; 0            ; 0            ; 0            ; 0           ; 1           ;
; state.etat40 ; 0            ; 1            ; 0            ; 0            ; 0            ; 0            ; 0            ; 0            ; 0           ; 1           ;
; state.etat45 ; 1            ; 0            ; 0            ; 0            ; 0            ; 0            ; 0            ; 0            ; 0           ; 1           ;
+--------------+--------------+--------------+--------------+--------------+--------------+--------------+--------------+--------------+-------------+-------------+


+------------------------------------------------------+
; General Register Statistics                          ;
+----------------------------------------------+-------+
; Statistic                                    ; Value ;
+----------------------------------------------+-------+
; Total registers                              ; 10    ;
; Number of registers using Synchronous Clear  ; 0     ;
; Number of registers using Synchronous Load   ; 0     ;
; Number of registers using Asynchronous Clear ; 10    ;
; Number of registers using Asynchronous Load  ; 0     ;
; Number of registers using Clock Enable       ; 0     ;
; Number of registers using Preset             ; 0     ;
+----------------------------------------------+-------+


+--------------------------------------------------------------------------------------------------------------------------------------------------------------------+
; Multiplexer Restructuring Statistics (Restructuring Performed)                                                                                                     ;
+--------------------+-----------+---------------+----------------------+------------------------+------------+------------------------------------------------------+
; Multiplexer Inputs ; Bus Width ; Baseline Area ; Area if Restructured ; Saving if Restructured ; Registered ; Example Multiplexer Output                           ;
+--------------------+-----------+---------------+----------------------+------------------------+------------+------------------------------------------------------+
; 3:1                ; 2 bits    ; 4 LEs         ; 2 LEs                ; 2 LEs                  ; No         ; |fsm_moore|controller:fsm_controller_inst|next_state ;
+--------------------+-----------+---------------+----------------------+------------------------+------------+------------------------------------------------------+


+----------------------------------------------------------------+
; Port Connectivity Checks: "segment_controller:afficheur_reste" ;
+------+-------+----------+--------------------------------------+
; Port ; Type  ; Severity ; Details                              ;
+------+-------+----------+--------------------------------------+
; sw3  ; Input ; Info     ; Stuck at GND                         ;
+------+-------+----------+--------------------------------------+


+-----------------------------------------------------+
; Post-Synthesis Netlist Statistics for Top Partition ;
+-----------------------+-----------------------------+
; Type                  ; Count                       ;
+-----------------------+-----------------------------+
; boundary_port         ; 34                          ;
; cycloneiii_ff         ; 10                          ;
;     CLR               ; 10                          ;
; cycloneiii_lcell_comb ; 40                          ;
;     normal            ; 40                          ;
;         0 data inputs ; 1                           ;
;         1 data inputs ; 5                           ;
;         2 data inputs ; 3                           ;
;         3 data inputs ; 13                          ;
;         4 data inputs ; 18                          ;
;                       ;                             ;
; Max LUT depth         ; 3.00                        ;
; Average LUT depth     ; 2.05                        ;
+-----------------------+-----------------------------+


+-------------------------------+
; Elapsed Time Per Partition    ;
+----------------+--------------+
; Partition Name ; Elapsed Time ;
+----------------+--------------+
; Top            ; 00:00:00     ;
+----------------+--------------+


+-------------------------------+
; Analysis & Synthesis Messages ;
+-------------------------------+
Info: *******************************************************************
Info: Running Quartus Prime Analysis & Synthesis
    Info: Version 21.1.0 Build 842 10/21/2021 SJ Lite Edition
    Info: Processing started: Tue Oct 22 23:23:16 2024
Info: Command: quartus_map --read_settings_files=on --write_settings_files=off fsm_moore -c fsm_moore
Warning (18236): Number of processors has not been specified which may cause overloading on shared machines.  Set the global assignment NUM_PARALLEL_PROCESSORS in your QSF to an appropriate value for best performance.
Info (20030): Parallel compilation is enabled and will use 10 of the 10 processors detected
Info (12021): Found 2 design units, including 1 entities, in source file fsm_moore.vhd
    Info (12022): Found design unit 1: fsm_moore-synth File: C:/DE_10Projects/fsm_moore/fsm_moore.vhd Line: 49
    Info (12023): Found entity 1: fsm_moore File: C:/DE_10Projects/fsm_moore/fsm_moore.vhd Line: 3
Info (12021): Found 2 design units, including 1 entities, in source file segment_controller.vhd
    Info (12022): Found design unit 1: segment_controller-synth File: C:/DE_10Projects/fsm_moore/segment_controller.vhd Line: 30
    Info (12023): Found entity 1: segment_controller File: C:/DE_10Projects/fsm_moore/segment_controller.vhd Line: 7
Info (12021): Found 2 design units, including 1 entities, in source file controller.vhd
    Info (12022): Found design unit 1: controller-synth File: C:/DE_10Projects/fsm_moore/controller.vhd Line: 24
    Info (12023): Found entity 1: controller File: C:/DE_10Projects/fsm_moore/controller.vhd Line: 11
Info (12127): Elaborating entity "fsm_moore" for the top level hierarchy
Info (12128): Elaborating entity "controller" for hierarchy "controller:fsm_controller_inst" File: C:/DE_10Projects/fsm_moore/fsm_moore.vhd Line: 58
Info (12128): Elaborating entity "segment_controller" for hierarchy "segment_controller:afficheur_somme" File: C:/DE_10Projects/fsm_moore/fsm_moore.vhd Line: 70
Warning (13024): Output pins are stuck at VCC or GND
    Warning (13410): Pin "HEX00" is stuck at GND File: C:/DE_10Projects/fsm_moore/fsm_moore.vhd Line: 12
    Warning (13410): Pin "HEX02" is stuck at GND File: C:/DE_10Projects/fsm_moore/fsm_moore.vhd Line: 14
    Warning (13410): Pin "HEX03" is stuck at GND File: C:/DE_10Projects/fsm_moore/fsm_moore.vhd Line: 15
    Warning (13410): Pin "HEX05" is stuck at GND File: C:/DE_10Projects/fsm_moore/fsm_moore.vhd Line: 17
    Warning (13410): Pin "HEX11" is stuck at GND File: C:/DE_10Projects/fsm_moore/fsm_moore.vhd Line: 20
    Warning (13410): Pin "HEX30" is stuck at GND File: C:/DE_10Projects/fsm_moore/fsm_moore.vhd Line: 29
    Warning (13410): Pin "HEX32" is stuck at GND File: C:/DE_10Projects/fsm_moore/fsm_moore.vhd Line: 31
    Warning (13410): Pin "HEX33" is stuck at GND File: C:/DE_10Projects/fsm_moore/fsm_moore.vhd Line: 32
    Warning (13410): Pin "HEX35" is stuck at GND File: C:/DE_10Projects/fsm_moore/fsm_moore.vhd Line: 34
    Warning (13410): Pin "HEX41" is stuck at GND File: C:/DE_10Projects/fsm_moore/fsm_moore.vhd Line: 38
Info (286030): Timing-Driven Synthesis is running
Info (16010): Generating hard_block partition "hard_block:auto_generated_inst"
    Info (16011): Adding 0 node(s), including 0 DDIO, 0 PLL, 0 transceiver and 0 LCELL
Info (21057): Implemented 68 device resources after synthesis - the final resource count might be different
    Info (21058): Implemented 5 input pins
    Info (21059): Implemented 29 output pins
    Info (21061): Implemented 34 logic cells
Info: Quartus Prime Analysis & Synthesis was successful. 0 errors, 12 warnings
    Info: Peak virtual memory: 4870 megabytes
    Info: Processing ended: Tue Oct 22 23:23:25 2024
    Info: Elapsed time: 00:00:09
    Info: Total CPU time (on all processors): 00:00:10


